[01] 00000: process 1 new
[01] 00000: process 1 ready
[01] 00000: process 1 running
[01] 00001: process 1 blocked (send)
[01] 00002: process 1 finished
[02] 00000: process 1 new
[02] 00000: process 1 ready
[02] 00000: process 1 running
[02] 00001: process 1 blocked (recv)
[02] 00002: process 1 finished
| 00002 | Proc 01.01 | Run 1, Block 0, Wait 0, Sends 1, Recvs 0
| 00002 | Proc 02.01 | Run 1, Block 0, Wait 0, Sends 0, Recvs 1
